[500] /solicitudes-devolucion-productos -> {"exito":false,"mensaje":"Error de base de datos: SQLSTATE[42S02]: Base table or view not found: 1146 Table 'gestion_activos_jja.solicitudes_devolucion_productos_jja' doesn't exist","datos":null}
[500] /solicitudes-devolucion-productos -> {"exito":false,"mensaje":"Error de base de datos: SQLSTATE[42S02]: Base table or view not found: 1146 Table 'gestion_activos_jja.solicitudes_devolucion_productos_jja' doesn't exist","datos":null}
[500] /solicitudes-devolucion-productos -> {"exito":false,"mensaje":"Error de base de datos: SQLSTATE[42S02]: Base table or view not found: 1146 Table 'gestion_activos_jja.solicitudes_devolucion_productos_jja' doesn't exist","datos":null}
[500] /prestamos-productos/usuario/2 -> {"exito":false,"mensaje":"Error de base de datos: SQLSTATE[42S02]: Base table or view not found: 1146 Table 'gestion_activos_jja.prestamos_productos_jja' doesn't exist","datos":null}
[500] /prestamos-productos/usuario/2 -> {"exito":false,"mensaje":"Error de base de datos: SQLSTATE[42S02]: Base table or view not found: 1146 Table 'gestion_activos_jja.prestamos_productos_jja' doesn't exist","datos":null}
[500] /prestamos-productos/usuario/2 -> {"exito":false,"mensaje":"Error de base de datos: SQLSTATE[42S02]: Base table or view not found: 1146 Table 'gestion_activos_jja.prestamos_productos_jja' doesn't exist","datos":null}
[500] /solicitudes-devolucion-productos -> {"exito":false,"mensaje":"Error de base de datos: SQLSTATE[42S02]: Base table or view not found: 1146 Table 'gestion_activos_jja.solicitudes_devolucion_productos_jja' doesn't exist","datos":null}
[500] /solicitudes-devolucion-productos -> {"exito":false,"mensaje":"Error de base de datos: SQLSTATE[42S02]: Base table or view not found: 1146 Table 'gestion_activos_jja.solicitudes_devolucion_productos_jja' doesn't exist","datos":null}
[500] /solicitudes-devolucion-productos -> {"exito":false,"mensaje":"Error de base de datos: SQLSTATE[42S02]: Base table or view not found: 1146 Table 'gestion_activos_jja.solicitudes_devolucion_productos_jja' doesn't exist","datos":null}
[500] /solicitudes-devolucion-productos -> {"exito":false,"mensaje":"Error de base de datos: SQLSTATE[42S02]: Base table or view not found: 1146 Table 'gestion_activos_jja.solicitudes_devolucion_productos_jja' doesn't exist","datos":null}
[500] /prestamos-productos/usuario/2 -> {"exito":false,"mensaje":"Error de base de datos: SQLSTATE[42S02]: Base table or view not found: 1146 Table 'gestion_activos_jja.prestamos_productos_jja' doesn't exist","datos":null}
[500] /prestamos-productos/usuario/2 -> {"exito":false,"mensaje":"Error de base de datos: SQLSTATE[42S02]: Base table or view not found: 1146 Table 'gestion_activos_jja.prestamos_productos_jja' doesn't exist","datos":null}
